{
    "3qkbnr/P2ppppp/8/8/8/8/1PPPP3/RNBQK3 w Qk - 0 1": 35,
    "r1bqkbnr/pppppppp/8/n7/3N4/8/PPPPPPPP/RNBQKB1R w KQkq - 0 1": 18,
    "rn1qkbnr/ppp1pppp/8/8/5B2/7b/PPP1PPPP/RN1QKBNR w KQ - 0 1": 18,
    "rn1qkbnr/pppppppp/8/8/8/8/PPPPPPPP/RNBQKBNR w KQkq - 0 1": 320,
    "rnb1kbnr/pppppppp/8/8/8/8/PPPPPPPP/R1BQK1NR w KQkq - 0 1": 265,
    "rnb1kbnr/pppppppp/8/8/8/8/PPPPPPPP/RNBQKBNR w KQkq - 0 1": 895,
    "rnbqkb1r/pppppppp/8/8/8/8/PPPPPPPP/RNBQKBNR w KQkq - 0 1": 310,
    "rnbqkbn1/pppppppp/8/8/8/8/PPPPPPPP/RN1QKBNR w KQq - 0 1": 180,
    "rnbqkbn1/pppppppp/8/8/8/8/PPPPPPPP/RNBQKBNR w KQq - 0 1": 500,
    "rnbqkbnr/ppp1pppp/8/8/8/8/PPPPPPPP/RNBQKBNR w KQkq - 0 1": 80,
    "rnbqkbnr/pppp1ppp/4p3/8/3P4/8/PPP1PPPP/RNBQKBNR w KQkq - 0 1": 16,
    "rnbqkbnr/ppppppp1/8/7p/3P4/8/PPP1PPPP/RNBQKBNR w KQkq - 0 1": 41
}